// Jest Snapshot v1, https://goo.gl/fbAQLP

exports[`<LoginPage snapshot /> should show login modal 1`] = `null`;
